FFFFFFFFFFFFFFFFFFFFFFFFFFF                                              [100%]
=================================== FAILURES ===================================
_____ test_common_finalization_scores_all_responses_and_preserves_evidence _____

campaign = {'root': PosixPath('/tmp/pytest-of-ted/pytest-102/test_common_finalization_score0'), 'directory': PosixPath('/tmp/pyte...ask-2","unmetered_attempts":0,"weight":"regular","weight_correct":true,"width_id":"narrow","width_px":220}', ...}, ...}

    def test_common_finalization_scores_all_responses_and_preserves_evidence(campaign):
>       f = finalizer()
            ^^^^^^^^^^^

tests/test_finalization.py:88: 
_ _ _ _ _ _ _ _ _ _ _ _ _ _ _ _ _ _ _ _ _ _ _ _ _ _ _ _ _ _ _ _ _ _ _ _ _ _ _ _ 

    def finalizer():
>       assert importlib.util.find_spec('baseline.finalize') is not None, 'Offline finalization tooling is missing'
E       AssertionError: Offline finalization tooling is missing
E       assert None is not None
E        +  where None = <function find_spec at 0x7f3d1ba2f100>('baseline.finalize')
E        +    where <function find_spec at 0x7f3d1ba2f100> = <module 'importlib.util' (frozen)>.find_spec
E        +      where <module 'importlib.util' (frozen)> = importlib.util

tests/test_finalization.py:20: AssertionError
---------------------------- Captured stdout setup -----------------------------
model-a / task-0: credits | estimated spend $0.0141
model-a / task-0: saved | estimated spend $0.0145
model-b / task-0: saved | estimated spend $0.0147
model-a / task-2: saved | estimated spend $0.0151
model-b / task-2: saved | estimated spend $0.0153
model-a / task-1: saved | estimated spend $0.0157
___________ test_finalization_is_idempotent_but_scope_cannot_change ____________

campaign = {'root': PosixPath('/tmp/pytest-of-ted/pytest-102/test_finalization_is_idempoten0'), 'directory': PosixPath('/tmp/pyte...ask-2","unmetered_attempts":0,"weight":"regular","weight_correct":true,"width_id":"narrow","width_px":220}', ...}, ...}

    def test_finalization_is_idempotent_but_scope_cannot_change(campaign):
>       f = finalizer()
            ^^^^^^^^^^^

tests/test_finalization.py:110: 
_ _ _ _ _ _ _ _ _ _ _ _ _ _ _ _ _ _ _ _ _ _ _ _ _ _ _ _ _ _ _ _ _ _ _ _ _ _ _ _ 

    def finalizer():
>       assert importlib.util.find_spec('baseline.finalize') is not None, 'Offline finalization tooling is missing'
E       AssertionError: Offline finalization tooling is missing
E       assert None is not None
E        +  where None = <function find_spec at 0x7f3d1ba2f100>('baseline.finalize')
E        +    where <function find_spec at 0x7f3d1ba2f100> = <module 'importlib.util' (frozen)>.find_spec
E        +      where <module 'importlib.util' (frozen)> = importlib.util

tests/test_finalization.py:20: AssertionError
---------------------------- Captured stdout setup -----------------------------
model-a / task-0: credits | estimated spend $0.0141
model-a / task-0: saved | estimated spend $0.0145
model-b / task-0: saved | estimated spend $0.0147
model-a / task-2: saved | estimated spend $0.0151
model-b / task-2: saved | estimated spend $0.0153
model-a / task-1: saved | estimated spend $0.0157
____________________ test_full_scope_refuses_missing_inputs ____________________

campaign = {'root': PosixPath('/tmp/pytest-of-ted/pytest-102/test_full_scope_refuses_missin0'), 'directory': PosixPath('/tmp/pyte...ask-2","unmetered_attempts":0,"weight":"regular","weight_correct":true,"width_id":"narrow","width_px":220}', ...}, ...}

    def test_full_scope_refuses_missing_inputs(campaign):
        with pytest.raises(ValueError, match='full|missing|complete'):
>           finalizer().finalize_run(campaign['directory'], scope='full', root=campaign['root'])
            ^^^^^^^^^^^

tests/test_finalization.py:121: 
_ _ _ _ _ _ _ _ _ _ _ _ _ _ _ _ _ _ _ _ _ _ _ _ _ _ _ _ _ _ _ _ _ _ _ _ _ _ _ _ 

    def finalizer():
>       assert importlib.util.find_spec('baseline.finalize') is not None, 'Offline finalization tooling is missing'
E       AssertionError: Offline finalization tooling is missing
E       assert None is not None
E        +  where None = <function find_spec at 0x7f3d1ba2f100>('baseline.finalize')
E        +    where <function find_spec at 0x7f3d1ba2f100> = <module 'importlib.util' (frozen)>.find_spec
E        +      where <module 'importlib.util' (frozen)> = importlib.util

tests/test_finalization.py:20: AssertionError
---------------------------- Captured stdout setup -----------------------------
model-a / task-0: credits | estimated spend $0.0141
model-a / task-0: saved | estimated spend $0.0145
model-b / task-0: saved | estimated spend $0.0147
model-a / task-2: saved | estimated spend $0.0151
model-b / task-2: saved | estimated spend $0.0153
model-a / task-1: saved | estimated spend $0.0157
___________________ test_full_scope_accepts_complete_roster ____________________

campaign = {'root': PosixPath('/tmp/pytest-of-ted/pytest-102/test_full_scope_accepts_comple0'), 'directory': PosixPath('/tmp/pyte...ask-2","unmetered_attempts":0,"weight":"regular","weight_correct":true,"width_id":"narrow","width_px":220}', ...}, ...}

    def test_full_scope_accepts_complete_roster(campaign):
        runner.run_benchmark(**campaign['args'], max_tasks=3)
        git(campaign['root'], 'add', '.')
        git(campaign['root'], 'commit', '-qm', 'Complete fixture')
>       report = finalizer().finalize_run(campaign['directory'], scope='full', root=campaign['root'])
                 ^^^^^^^^^^^

tests/test_finalization.py:129: 
_ _ _ _ _ _ _ _ _ _ _ _ _ _ _ _ _ _ _ _ _ _ _ _ _ _ _ _ _ _ _ _ _ _ _ _ _ _ _ _ 

    def finalizer():
>       assert importlib.util.find_spec('baseline.finalize') is not None, 'Offline finalization tooling is missing'
E       AssertionError: Offline finalization tooling is missing
E       assert None is not None
E        +  where None = <function find_spec at 0x7f3d1ba2f100>('baseline.finalize')
E        +    where <function find_spec at 0x7f3d1ba2f100> = <module 'importlib.util' (frozen)>.find_spec
E        +      where <module 'importlib.util' (frozen)> = importlib.util

tests/test_finalization.py:20: AssertionError
---------------------------- Captured stdout setup -----------------------------
model-a / task-0: credits | estimated spend $0.0141
model-a / task-0: saved | estimated spend $0.0145
model-b / task-0: saved | estimated spend $0.0147
model-a / task-2: saved | estimated spend $0.0151
model-b / task-2: saved | estimated spend $0.0153
model-a / task-1: saved | estimated spend $0.0157
----------------------------- Captured stdout call -----------------------------
model-b / task-1: saved | estimated spend $0.0159
___________________ test_active_runner_refuses_finalization ____________________

campaign = {'root': PosixPath('/tmp/pytest-of-ted/pytest-102/test_active_runner_refuses_fin0'), 'directory': PosixPath('/tmp/pyte...ask-2","unmetered_attempts":0,"weight":"regular","weight_correct":true,"width_id":"narrow","width_px":220}', ...}, ...}

    def test_active_runner_refuses_finalization(campaign):
>       f=finalizer()
          ^^^^^^^^^^^

tests/test_finalization.py:136: 
_ _ _ _ _ _ _ _ _ _ _ _ _ _ _ _ _ _ _ _ _ _ _ _ _ _ _ _ _ _ _ _ _ _ _ _ _ _ _ _ 

    def finalizer():
>       assert importlib.util.find_spec('baseline.finalize') is not None, 'Offline finalization tooling is missing'
E       AssertionError: Offline finalization tooling is missing
E       assert None is not None
E        +  where None = <function find_spec at 0x7f3d1ba2f100>('baseline.finalize')
E        +    where <function find_spec at 0x7f3d1ba2f100> = <module 'importlib.util' (frozen)>.find_spec
E        +      where <module 'importlib.util' (frozen)> = importlib.util

tests/test_finalization.py:20: AssertionError
---------------------------- Captured stdout setup -----------------------------
model-a / task-0: credits | estimated spend $0.0141
model-a / task-0: saved | estimated spend $0.0145
model-b / task-0: saved | estimated spend $0.0147
model-a / task-2: saved | estimated spend $0.0151
model-b / task-2: saved | estimated spend $0.0153
model-a / task-1: saved | estimated spend $0.0157
_______ test_sealed_run_refuses_resume_before_clients_or_metadata_change _______

campaign = {'root': PosixPath('/tmp/pytest-of-ted/pytest-102/test_sealed_run_refuses_resume0'), 'directory': PosixPath('/tmp/pyte...ask-2","unmetered_attempts":0,"weight":"regular","weight_correct":true,"width_id":"narrow","width_px":220}', ...}, ...}
monkeypatch = <_pytest.monkeypatch.MonkeyPatch object at 0x7f3d185a1ad0>

    def test_sealed_run_refuses_resume_before_clients_or_metadata_change(campaign, monkeypatch):
        directory=campaign['directory']
        (directory/'finalization.json').write_text('{}')
        monkeypatch.setattr(runner, 'BaselineEvaluator', lambda **kwargs: pytest.fail('Provider client constructed for sealed run'))
        with pytest.raises(ValueError, match='sealed|finalized'):
>           runner.run_benchmark(**campaign['args'])

tests/test_finalization.py:148: 
_ _ _ _ _ _ _ _ _ _ _ _ _ _ _ _ _ _ _ _ _ _ _ _ _ _ _ _ _ _ _ _ _ _ _ _ _ _ _ _ 
baseline/runner.py:155: in run_benchmark
    client = BaselineEvaluator(
_ _ _ _ _ _ _ _ _ _ _ _ _ _ _ _ _ _ _ _ _ _ _ _ _ _ _ _ _ _ _ _ _ _ _ _ _ _ _ _ 

kwargs = {'model_name': 'model-a', 'provider': 'google', 'mock': False, 'api_key_env': 'FIXTURE_API_KEY', ...}

>   monkeypatch.setattr(runner, 'BaselineEvaluator', lambda **kwargs: pytest.fail('Provider client constructed for sealed run'))
                                                                      ^^^^^^^^^^^^^^^^^^^^^^^^^^^^^^^^^^^^^^^^^^^^^^^^^^^^^^^^^
E   Failed: Provider client constructed for sealed run

tests/test_finalization.py:146: Failed
---------------------------- Captured stdout setup -----------------------------
model-a / task-0: credits | estimated spend $0.0141
model-a / task-0: saved | estimated spend $0.0145
model-b / task-0: saved | estimated spend $0.0147
model-a / task-2: saved | estimated spend $0.0151
model-b / task-2: saved | estimated spend $0.0153
model-a / task-1: saved | estimated spend $0.0157
___________ test_tampered_sealed_artifact_is_refused[state.sqlite3] ____________

campaign = {'root': PosixPath('/tmp/pytest-of-ted/pytest-102/test_tampered_sealed_artifact_0'), 'directory': PosixPath('/tmp/pyte...ask-2","unmetered_attempts":0,"weight":"regular","weight_correct":true,"width_id":"narrow","width_px":220}', ...}, ...}
name = 'state.sqlite3'

    @pytest.mark.parametrize('name', ['state.sqlite3','attempts.jsonl','run.json','summary.json','scorecard_model-a.json','final_results.json'])
    def test_tampered_sealed_artifact_is_refused(campaign,name):
>       f=finalizer();f.finalize_run(campaign['directory'],scope='common',root=campaign['root'])
          ^^^^^^^^^^^

tests/test_finalization.py:154: 
_ _ _ _ _ _ _ _ _ _ _ _ _ _ _ _ _ _ _ _ _ _ _ _ _ _ _ _ _ _ _ _ _ _ _ _ _ _ _ _ 

    def finalizer():
>       assert importlib.util.find_spec('baseline.finalize') is not None, 'Offline finalization tooling is missing'
E       AssertionError: Offline finalization tooling is missing
E       assert None is not None
E        +  where None = <function find_spec at 0x7f3d1ba2f100>('baseline.finalize')
E        +    where <function find_spec at 0x7f3d1ba2f100> = <module 'importlib.util' (frozen)>.find_spec
E        +      where <module 'importlib.util' (frozen)> = importlib.util

tests/test_finalization.py:20: AssertionError
---------------------------- Captured stdout setup -----------------------------
model-a / task-0: credits | estimated spend $0.0141
model-a / task-0: saved | estimated spend $0.0145
model-b / task-0: saved | estimated spend $0.0147
model-a / task-2: saved | estimated spend $0.0151
model-b / task-2: saved | estimated spend $0.0153
model-a / task-1: saved | estimated spend $0.0157
___________ test_tampered_sealed_artifact_is_refused[attempts.jsonl] ___________

campaign = {'root': PosixPath('/tmp/pytest-of-ted/pytest-102/test_tampered_sealed_artifact_1'), 'directory': PosixPath('/tmp/pyte...ask-2","unmetered_attempts":0,"weight":"regular","weight_correct":true,"width_id":"narrow","width_px":220}', ...}, ...}
name = 'attempts.jsonl'

    @pytest.mark.parametrize('name', ['state.sqlite3','attempts.jsonl','run.json','summary.json','scorecard_model-a.json','final_results.json'])
    def test_tampered_sealed_artifact_is_refused(campaign,name):
>       f=finalizer();f.finalize_run(campaign['directory'],scope='common',root=campaign['root'])
          ^^^^^^^^^^^

tests/test_finalization.py:154: 
_ _ _ _ _ _ _ _ _ _ _ _ _ _ _ _ _ _ _ _ _ _ _ _ _ _ _ _ _ _ _ _ _ _ _ _ _ _ _ _ 

    def finalizer():
>       assert importlib.util.find_spec('baseline.finalize') is not None, 'Offline finalization tooling is missing'
E       AssertionError: Offline finalization tooling is missing
E       assert None is not None
E        +  where None = <function find_spec at 0x7f3d1ba2f100>('baseline.finalize')
E        +    where <function find_spec at 0x7f3d1ba2f100> = <module 'importlib.util' (frozen)>.find_spec
E        +      where <module 'importlib.util' (frozen)> = importlib.util

tests/test_finalization.py:20: AssertionError
---------------------------- Captured stdout setup -----------------------------
model-a / task-0: credits | estimated spend $0.0141
model-a / task-0: saved | estimated spend $0.0145
model-b / task-0: saved | estimated spend $0.0147
model-a / task-2: saved | estimated spend $0.0151
model-b / task-2: saved | estimated spend $0.0153
model-a / task-1: saved | estimated spend $0.0157
______________ test_tampered_sealed_artifact_is_refused[run.json] ______________

campaign = {'root': PosixPath('/tmp/pytest-of-ted/pytest-102/test_tampered_sealed_artifact_2'), 'directory': PosixPath('/tmp/pyte...ask-2","unmetered_attempts":0,"weight":"regular","weight_correct":true,"width_id":"narrow","width_px":220}', ...}, ...}
name = 'run.json'

    @pytest.mark.parametrize('name', ['state.sqlite3','attempts.jsonl','run.json','summary.json','scorecard_model-a.json','final_results.json'])
    def test_tampered_sealed_artifact_is_refused(campaign,name):
>       f=finalizer();f.finalize_run(campaign['directory'],scope='common',root=campaign['root'])
          ^^^^^^^^^^^

tests/test_finalization.py:154: 
_ _ _ _ _ _ _ _ _ _ _ _ _ _ _ _ _ _ _ _ _ _ _ _ _ _ _ _ _ _ _ _ _ _ _ _ _ _ _ _ 

    def finalizer():
>       assert importlib.util.find_spec('baseline.finalize') is not None, 'Offline finalization tooling is missing'
E       AssertionError: Offline finalization tooling is missing
E       assert None is not None
E        +  where None = <function find_spec at 0x7f3d1ba2f100>('baseline.finalize')
E        +    where <function find_spec at 0x7f3d1ba2f100> = <module 'importlib.util' (frozen)>.find_spec
E        +      where <module 'importlib.util' (frozen)> = importlib.util

tests/test_finalization.py:20: AssertionError
---------------------------- Captured stdout setup -----------------------------
model-a / task-0: credits | estimated spend $0.0141
model-a / task-0: saved | estimated spend $0.0145
model-b / task-0: saved | estimated spend $0.0147
model-a / task-2: saved | estimated spend $0.0151
model-b / task-2: saved | estimated spend $0.0153
model-a / task-1: saved | estimated spend $0.0157
____________ test_tampered_sealed_artifact_is_refused[summary.json] ____________

campaign = {'root': PosixPath('/tmp/pytest-of-ted/pytest-102/test_tampered_sealed_artifact_3'), 'directory': PosixPath('/tmp/pyte...ask-2","unmetered_attempts":0,"weight":"regular","weight_correct":true,"width_id":"narrow","width_px":220}', ...}, ...}
name = 'summary.json'

    @pytest.mark.parametrize('name', ['state.sqlite3','attempts.jsonl','run.json','summary.json','scorecard_model-a.json','final_results.json'])
    def test_tampered_sealed_artifact_is_refused(campaign,name):
>       f=finalizer();f.finalize_run(campaign['directory'],scope='common',root=campaign['root'])
          ^^^^^^^^^^^

tests/test_finalization.py:154: 
_ _ _ _ _ _ _ _ _ _ _ _ _ _ _ _ _ _ _ _ _ _ _ _ _ _ _ _ _ _ _ _ _ _ _ _ _ _ _ _ 

    def finalizer():
>       assert importlib.util.find_spec('baseline.finalize') is not None, 'Offline finalization tooling is missing'
E       AssertionError: Offline finalization tooling is missing
E       assert None is not None
E        +  where None = <function find_spec at 0x7f3d1ba2f100>('baseline.finalize')
E        +    where <function find_spec at 0x7f3d1ba2f100> = <module 'importlib.util' (frozen)>.find_spec
E        +      where <module 'importlib.util' (frozen)> = importlib.util

tests/test_finalization.py:20: AssertionError
---------------------------- Captured stdout setup -----------------------------
model-a / task-0: credits | estimated spend $0.0141
model-a / task-0: saved | estimated spend $0.0145
model-b / task-0: saved | estimated spend $0.0147
model-a / task-2: saved | estimated spend $0.0151
model-b / task-2: saved | estimated spend $0.0153
model-a / task-1: saved | estimated spend $0.0157
_______ test_tampered_sealed_artifact_is_refused[scorecard_model-a.json] _______

campaign = {'root': PosixPath('/tmp/pytest-of-ted/pytest-102/test_tampered_sealed_artifact_4'), 'directory': PosixPath('/tmp/pyte...ask-2","unmetered_attempts":0,"weight":"regular","weight_correct":true,"width_id":"narrow","width_px":220}', ...}, ...}
name = 'scorecard_model-a.json'

    @pytest.mark.parametrize('name', ['state.sqlite3','attempts.jsonl','run.json','summary.json','scorecard_model-a.json','final_results.json'])
    def test_tampered_sealed_artifact_is_refused(campaign,name):
>       f=finalizer();f.finalize_run(campaign['directory'],scope='common',root=campaign['root'])
          ^^^^^^^^^^^

tests/test_finalization.py:154: 
_ _ _ _ _ _ _ _ _ _ _ _ _ _ _ _ _ _ _ _ _ _ _ _ _ _ _ _ _ _ _ _ _ _ _ _ _ _ _ _ 

    def finalizer():
>       assert importlib.util.find_spec('baseline.finalize') is not None, 'Offline finalization tooling is missing'
E       AssertionError: Offline finalization tooling is missing
E       assert None is not None
E        +  where None = <function find_spec at 0x7f3d1ba2f100>('baseline.finalize')
E        +    where <function find_spec at 0x7f3d1ba2f100> = <module 'importlib.util' (frozen)>.find_spec
E        +      where <module 'importlib.util' (frozen)> = importlib.util

tests/test_finalization.py:20: AssertionError
---------------------------- Captured stdout setup -----------------------------
model-a / task-0: credits | estimated spend $0.0141
model-a / task-0: saved | estimated spend $0.0145
model-b / task-0: saved | estimated spend $0.0147
model-a / task-2: saved | estimated spend $0.0151
model-b / task-2: saved | estimated spend $0.0153
model-a / task-1: saved | estimated spend $0.0157
_________ test_tampered_sealed_artifact_is_refused[final_results.json] _________

campaign = {'root': PosixPath('/tmp/pytest-of-ted/pytest-102/test_tampered_sealed_artifact_5'), 'directory': PosixPath('/tmp/pyte...ask-2","unmetered_attempts":0,"weight":"regular","weight_correct":true,"width_id":"narrow","width_px":220}', ...}, ...}
name = 'final_results.json'

    @pytest.mark.parametrize('name', ['state.sqlite3','attempts.jsonl','run.json','summary.json','scorecard_model-a.json','final_results.json'])
    def test_tampered_sealed_artifact_is_refused(campaign,name):
>       f=finalizer();f.finalize_run(campaign['directory'],scope='common',root=campaign['root'])
          ^^^^^^^^^^^

tests/test_finalization.py:154: 
_ _ _ _ _ _ _ _ _ _ _ _ _ _ _ _ _ _ _ _ _ _ _ _ _ _ _ _ _ _ _ _ _ _ _ _ _ _ _ _ 

    def finalizer():
>       assert importlib.util.find_spec('baseline.finalize') is not None, 'Offline finalization tooling is missing'
E       AssertionError: Offline finalization tooling is missing
E       assert None is not None
E        +  where None = <function find_spec at 0x7f3d1ba2f100>('baseline.finalize')
E        +    where <function find_spec at 0x7f3d1ba2f100> = <module 'importlib.util' (frozen)>.find_spec
E        +      where <module 'importlib.util' (frozen)> = importlib.util

tests/test_finalization.py:20: AssertionError
---------------------------- Captured stdout setup -----------------------------
model-a / task-0: credits | estimated spend $0.0141
model-a / task-0: saved | estimated spend $0.0145
model-b / task-0: saved | estimated spend $0.0147
model-a / task-2: saved | estimated spend $0.0151
model-b / task-2: saved | estimated spend $0.0153
model-a / task-1: saved | estimated spend $0.0157
____________ test_raw_prediction_and_grade_disagreement_is_refused _____________

campaign = {'root': PosixPath('/tmp/pytest-of-ted/pytest-102/test_raw_prediction_and_grade_0'), 'directory': PosixPath('/tmp/pyte...ask-2","unmetered_attempts":0,"weight":"regular","weight_correct":true,"width_id":"narrow","width_px":220}', ...}, ...}

    def test_raw_prediction_and_grade_disagreement_is_refused(campaign):
>       f=finalizer();directory=campaign['directory']
          ^^^^^^^^^^^

tests/test_finalization.py:161: 
_ _ _ _ _ _ _ _ _ _ _ _ _ _ _ _ _ _ _ _ _ _ _ _ _ _ _ _ _ _ _ _ _ _ _ _ _ _ _ _ 

    def finalizer():
>       assert importlib.util.find_spec('baseline.finalize') is not None, 'Offline finalization tooling is missing'
E       AssertionError: Offline finalization tooling is missing
E       assert None is not None
E        +  where None = <function find_spec at 0x7f3d1ba2f100>('baseline.finalize')
E        +    where <function find_spec at 0x7f3d1ba2f100> = <module 'importlib.util' (frozen)>.find_spec
E        +      where <module 'importlib.util' (frozen)> = importlib.util

tests/test_finalization.py:20: AssertionError
---------------------------- Captured stdout setup -----------------------------
model-a / task-0: credits | estimated spend $0.0141
model-a / task-0: saved | estimated spend $0.0145
model-b / task-0: saved | estimated spend $0.0147
model-a / task-2: saved | estimated spend $0.0151
model-b / task-2: saved | estimated spend $0.0153
model-a / task-1: saved | estimated spend $0.0157
________ test_semantic_forgery_is_rejected_even_with_updated_file_hash _________

campaign = {'root': PosixPath('/tmp/pytest-of-ted/pytest-102/test_semantic_forgery_is_rejec0'), 'directory': PosixPath('/tmp/pyte...ask-2","unmetered_attempts":0,"weight":"regular","weight_correct":true,"width_id":"narrow","width_px":220}', ...}, ...}

    def test_semantic_forgery_is_rejected_even_with_updated_file_hash(campaign):
>       f=finalizer();directory=campaign['directory'];f.finalize_run(directory,scope='common',root=campaign['root'])
          ^^^^^^^^^^^

tests/test_finalization.py:173: 
_ _ _ _ _ _ _ _ _ _ _ _ _ _ _ _ _ _ _ _ _ _ _ _ _ _ _ _ _ _ _ _ _ _ _ _ _ _ _ _ 

    def finalizer():
>       assert importlib.util.find_spec('baseline.finalize') is not None, 'Offline finalization tooling is missing'
E       AssertionError: Offline finalization tooling is missing
E       assert None is not None
E        +  where None = <function find_spec at 0x7f3d1ba2f100>('baseline.finalize')
E        +    where <function find_spec at 0x7f3d1ba2f100> = <module 'importlib.util' (frozen)>.find_spec
E        +      where <module 'importlib.util' (frozen)> = importlib.util

tests/test_finalization.py:20: AssertionError
---------------------------- Captured stdout setup -----------------------------
model-a / task-0: credits | estimated spend $0.0141
model-a / task-0: saved | estimated spend $0.0145
model-b / task-0: saved | estimated spend $0.0147
model-a / task-2: saved | estimated spend $0.0151
model-b / task-2: saved | estimated spend $0.0153
model-a / task-1: saved | estimated spend $0.0157
________ test_consistently_forged_grades_are_recomputed_from_raw_answer ________

campaign = {'root': PosixPath('/tmp/pytest-of-ted/pytest-102/test_consistently_forged_grade0'), 'directory': PosixPath('/tmp/pyte...ask-2","unmetered_attempts":0,"weight":"regular","weight_correct":true,"width_id":"narrow","width_px":220}', ...}, ...}

    def test_consistently_forged_grades_are_recomputed_from_raw_answer(campaign):
        rewrite_saved_response(campaign,lambda row: row.update(font_correct=False,all_correct=False,composite_score=5/6))
        with pytest.raises(ValueError,match='grades'):
>           finalizer().finalize_run(campaign['directory'],scope='common',root=campaign['root'])
            ^^^^^^^^^^^

tests/test_finalization.py:211: 
_ _ _ _ _ _ _ _ _ _ _ _ _ _ _ _ _ _ _ _ _ _ _ _ _ _ _ _ _ _ _ _ _ _ _ _ _ _ _ _ 

    def finalizer():
>       assert importlib.util.find_spec('baseline.finalize') is not None, 'Offline finalization tooling is missing'
E       AssertionError: Offline finalization tooling is missing
E       assert None is not None
E        +  where None = <function find_spec at 0x7f3d1ba2f100>('baseline.finalize')
E        +    where <function find_spec at 0x7f3d1ba2f100> = <module 'importlib.util' (frozen)>.find_spec
E        +      where <module 'importlib.util' (frozen)> = importlib.util

tests/test_finalization.py:20: AssertionError
---------------------------- Captured stdout setup -----------------------------
model-a / task-0: credits | estimated spend $0.0141
model-a / task-0: saved | estimated spend $0.0145
model-b / task-0: saved | estimated spend $0.0147
model-a / task-2: saved | estimated spend $0.0151
model-b / task-2: saved | estimated spend $0.0153
model-a / task-1: saved | estimated spend $0.0157
_________ test_metered_response_cost_excludes_internal_retry_reserves __________

campaign = {'root': PosixPath('/tmp/pytest-of-ted/pytest-102/test_metered_response_cost_exc0'), 'directory': PosixPath('/tmp/pyte...ask-2","unmetered_attempts":0,"weight":"regular","weight_correct":true,"width_id":"narrow","width_px":220}', ...}, ...}

    def test_metered_response_cost_excludes_internal_retry_reserves(campaign):
        rewrite_saved_response(campaign,lambda row: row.update(cost_usd=row['cost_usd']+1,cost_estimated=True,unmetered_attempts=1))
>       report=finalizer().finalize_run(campaign['directory'],scope='common',root=campaign['root'])
               ^^^^^^^^^^^

tests/test_finalization.py:216: 
_ _ _ _ _ _ _ _ _ _ _ _ _ _ _ _ _ _ _ _ _ _ _ _ _ _ _ _ _ _ _ _ _ _ _ _ _ _ _ _ 

    def finalizer():
>       assert importlib.util.find_spec('baseline.finalize') is not None, 'Offline finalization tooling is missing'
E       AssertionError: Offline finalization tooling is missing
E       assert None is not None
E        +  where None = <function find_spec at 0x7f3d1ba2f100>('baseline.finalize')
E        +    where <function find_spec at 0x7f3d1ba2f100> = <module 'importlib.util' (frozen)>.find_spec
E        +      where <module 'importlib.util' (frozen)> = importlib.util

tests/test_finalization.py:20: AssertionError
---------------------------- Captured stdout setup -----------------------------
model-a / task-0: credits | estimated spend $0.0141
model-a / task-0: saved | estimated spend $0.0145
model-b / task-0: saved | estimated spend $0.0147
model-a / task-2: saved | estimated spend $0.0151
model-b / task-2: saved | estimated spend $0.0153
model-a / task-1: saved | estimated spend $0.0157
_________ test_invalid_model_answer_stays_final_and_zero_without_retry _________

campaign = {'root': PosixPath('/tmp/pytest-of-ted/pytest-102/test_invalid_model_answer_stay0'), 'directory': PosixPath('/tmp/pyte...ask-2","unmetered_attempts":0,"weight":"regular","weight_correct":true,"width_id":"narrow","width_px":220}', ...}, ...}

    def test_invalid_model_answer_stays_final_and_zero_without_retry(campaign):
        def invalidate(row):
            row.update(raw_prediction='not a JSON answer',error='Invalid JSON',error_kind='invalid_response',all_correct=False,composite_score=0)
            for key in ('font','category','weight','modifier','kerning','line_height'):
                row[key+'_correct']=False;row['predicted_'+key]=''
        rewrite_saved_response(campaign,invalidate)
        before=len(campaign['requests'])
>       report=finalizer().finalize_run(campaign['directory'],scope='common',root=campaign['root'])
               ^^^^^^^^^^^

tests/test_finalization.py:229: 
_ _ _ _ _ _ _ _ _ _ _ _ _ _ _ _ _ _ _ _ _ _ _ _ _ _ _ _ _ _ _ _ _ _ _ _ _ _ _ _ 

    def finalizer():
>       assert importlib.util.find_spec('baseline.finalize') is not None, 'Offline finalization tooling is missing'
E       AssertionError: Offline finalization tooling is missing
E       assert None is not None
E        +  where None = <function find_spec at 0x7f3d1ba2f100>('baseline.finalize')
E        +    where <function find_spec at 0x7f3d1ba2f100> = <module 'importlib.util' (frozen)>.find_spec
E        +      where <module 'importlib.util' (frozen)> = importlib.util

tests/test_finalization.py:20: AssertionError
---------------------------- Captured stdout setup -----------------------------
model-a / task-0: credits | estimated spend $0.0141
model-a / task-0: saved | estimated spend $0.0145
model-b / task-0: saved | estimated spend $0.0147
model-a / task-2: saved | estimated spend $0.0151
model-b / task-2: saved | estimated spend $0.0153
model-a / task-1: saved | estimated spend $0.0157
_________ test_forged_source_commit_is_rejected_even_with_updated_hash _________

campaign = {'root': PosixPath('/tmp/pytest-of-ted/pytest-102/test_forged_source_commit_is_r0'), 'directory': PosixPath('/tmp/pyte...ask-2","unmetered_attempts":0,"weight":"regular","weight_correct":true,"width_id":"narrow","width_px":220}', ...}, ...}

    def test_forged_source_commit_is_rejected_even_with_updated_hash(campaign):
>       f=finalizer();directory=campaign['directory'];f.finalize_run(directory,scope='common',root=campaign['root'])
          ^^^^^^^^^^^

tests/test_finalization.py:237: 
_ _ _ _ _ _ _ _ _ _ _ _ _ _ _ _ _ _ _ _ _ _ _ _ _ _ _ _ _ _ _ _ _ _ _ _ _ _ _ _ 

    def finalizer():
>       assert importlib.util.find_spec('baseline.finalize') is not None, 'Offline finalization tooling is missing'
E       AssertionError: Offline finalization tooling is missing
E       assert None is not None
E        +  where None = <function find_spec at 0x7f3d1ba2f100>('baseline.finalize')
E        +    where <function find_spec at 0x7f3d1ba2f100> = <module 'importlib.util' (frozen)>.find_spec
E        +      where <module 'importlib.util' (frozen)> = importlib.util

tests/test_finalization.py:20: AssertionError
---------------------------- Captured stdout setup -----------------------------
model-a / task-0: credits | estimated spend $0.0141
model-a / task-0: saved | estimated spend $0.0145
model-b / task-0: saved | estimated spend $0.0147
model-a / task-2: saved | estimated spend $0.0151
model-b / task-2: saved | estimated spend $0.0153
model-a / task-1: saved | estimated spend $0.0157
________ test_explicit_roster_does_not_discard_other_original_responses ________

campaign = {'root': PosixPath('/tmp/pytest-of-ted/pytest-102/test_explicit_roster_does_not_0'), 'directory': PosixPath('/tmp/pyte...ask-2","unmetered_attempts":0,"weight":"regular","weight_correct":true,"width_id":"narrow","width_px":220}', ...}, ...}

    def test_explicit_roster_does_not_discard_other_original_responses(campaign):
>       report=finalizer().finalize_run(campaign['directory'],scope='common',models=['model-a'],root=campaign['root'])
               ^^^^^^^^^^^

tests/test_finalization.py:248: 
_ _ _ _ _ _ _ _ _ _ _ _ _ _ _ _ _ _ _ _ _ _ _ _ _ _ _ _ _ _ _ _ _ _ _ _ _ _ _ _ 

    def finalizer():
>       assert importlib.util.find_spec('baseline.finalize') is not None, 'Offline finalization tooling is missing'
E       AssertionError: Offline finalization tooling is missing
E       assert None is not None
E        +  where None = <function find_spec at 0x7f3d1ba2f100>('baseline.finalize')
E        +    where <function find_spec at 0x7f3d1ba2f100> = <module 'importlib.util' (frozen)>.find_spec
E        +      where <module 'importlib.util' (frozen)> = importlib.util

tests/test_finalization.py:20: AssertionError
---------------------------- Captured stdout setup -----------------------------
model-a / task-0: credits | estimated spend $0.0141
model-a / task-0: saved | estimated spend $0.0145
model-b / task-0: saved | estimated spend $0.0147
model-a / task-2: saved | estimated spend $0.0151
model-b / task-2: saved | estimated spend $0.0153
model-a / task-1: saved | estimated spend $0.0157
___________________ test_invalid_roster_is_refused[roster0] ____________________

campaign = {'root': PosixPath('/tmp/pytest-of-ted/pytest-102/test_invalid_roster_is_refused0'), 'directory': PosixPath('/tmp/pyte...ask-2","unmetered_attempts":0,"weight":"regular","weight_correct":true,"width_id":"narrow","width_px":220}', ...}, ...}
roster = []

    @pytest.mark.parametrize('roster',[[],['unknown'],['model-a','model-a']])
    def test_invalid_roster_is_refused(campaign,roster):
        with pytest.raises(ValueError,match='roster'):
>           finalizer().finalize_run(campaign['directory'],scope='common',models=roster,root=campaign['root'])
            ^^^^^^^^^^^

tests/test_finalization.py:257: 
_ _ _ _ _ _ _ _ _ _ _ _ _ _ _ _ _ _ _ _ _ _ _ _ _ _ _ _ _ _ _ _ _ _ _ _ _ _ _ _ 

    def finalizer():
>       assert importlib.util.find_spec('baseline.finalize') is not None, 'Offline finalization tooling is missing'
E       AssertionError: Offline finalization tooling is missing
E       assert None is not None
E        +  where None = <function find_spec at 0x7f3d1ba2f100>('baseline.finalize')
E        +    where <function find_spec at 0x7f3d1ba2f100> = <module 'importlib.util' (frozen)>.find_spec
E        +      where <module 'importlib.util' (frozen)> = importlib.util

tests/test_finalization.py:20: AssertionError
---------------------------- Captured stdout setup -----------------------------
model-a / task-0: credits | estimated spend $0.0141
model-a / task-0: saved | estimated spend $0.0145
model-b / task-0: saved | estimated spend $0.0147
model-a / task-2: saved | estimated spend $0.0151
model-b / task-2: saved | estimated spend $0.0153
model-a / task-1: saved | estimated spend $0.0157
___________________ test_invalid_roster_is_refused[roster1] ____________________

campaign = {'root': PosixPath('/tmp/pytest-of-ted/pytest-102/test_invalid_roster_is_refused1'), 'directory': PosixPath('/tmp/pyte...ask-2","unmetered_attempts":0,"weight":"regular","weight_correct":true,"width_id":"narrow","width_px":220}', ...}, ...}
roster = ['unknown']

    @pytest.mark.parametrize('roster',[[],['unknown'],['model-a','model-a']])
    def test_invalid_roster_is_refused(campaign,roster):
        with pytest.raises(ValueError,match='roster'):
>           finalizer().finalize_run(campaign['directory'],scope='common',models=roster,root=campaign['root'])
            ^^^^^^^^^^^

tests/test_finalization.py:257: 
_ _ _ _ _ _ _ _ _ _ _ _ _ _ _ _ _ _ _ _ _ _ _ _ _ _ _ _ _ _ _ _ _ _ _ _ _ _ _ _ 

    def finalizer():
>       assert importlib.util.find_spec('baseline.finalize') is not None, 'Offline finalization tooling is missing'
E       AssertionError: Offline finalization tooling is missing
E       assert None is not None
E        +  where None = <function find_spec at 0x7f3d1ba2f100>('baseline.finalize')
E        +    where <function find_spec at 0x7f3d1ba2f100> = <module 'importlib.util' (frozen)>.find_spec
E        +      where <module 'importlib.util' (frozen)> = importlib.util

tests/test_finalization.py:20: AssertionError
---------------------------- Captured stdout setup -----------------------------
model-a / task-0: credits | estimated spend $0.0141
model-a / task-0: saved | estimated spend $0.0145
model-b / task-0: saved | estimated spend $0.0147
model-a / task-2: saved | estimated spend $0.0151
model-b / task-2: saved | estimated spend $0.0153
model-a / task-1: saved | estimated spend $0.0157
___________________ test_invalid_roster_is_refused[roster2] ____________________

campaign = {'root': PosixPath('/tmp/pytest-of-ted/pytest-102/test_invalid_roster_is_refused2'), 'directory': PosixPath('/tmp/pyte...ask-2","unmetered_attempts":0,"weight":"regular","weight_correct":true,"width_id":"narrow","width_px":220}', ...}, ...}
roster = ['model-a', 'model-a']

    @pytest.mark.parametrize('roster',[[],['unknown'],['model-a','model-a']])
    def test_invalid_roster_is_refused(campaign,roster):
        with pytest.raises(ValueError,match='roster'):
>           finalizer().finalize_run(campaign['directory'],scope='common',models=roster,root=campaign['root'])
            ^^^^^^^^^^^

tests/test_finalization.py:257: 
_ _ _ _ _ _ _ _ _ _ _ _ _ _ _ _ _ _ _ _ _ _ _ _ _ _ _ _ _ _ _ _ _ _ _ _ _ _ _ _ 

    def finalizer():
>       assert importlib.util.find_spec('baseline.finalize') is not None, 'Offline finalization tooling is missing'
E       AssertionError: Offline finalization tooling is missing
E       assert None is not None
E        +  where None = <function find_spec at 0x7f3d1ba2f100>('baseline.finalize')
E        +    where <function find_spec at 0x7f3d1ba2f100> = <module 'importlib.util' (frozen)>.find_spec
E        +      where <module 'importlib.util' (frozen)> = importlib.util

tests/test_finalization.py:20: AssertionError
---------------------------- Captured stdout setup -----------------------------
model-a / task-0: credits | estimated spend $0.0141
model-a / task-0: saved | estimated spend $0.0145
model-b / task-0: saved | estimated spend $0.0147
model-a / task-2: saved | estimated spend $0.0151
model-b / task-2: saved | estimated spend $0.0153
model-a / task-1: saved | estimated spend $0.0157
_________________ test_aggregator_excludes_tampered_sealed_run _________________

campaign = {'root': PosixPath('/tmp/pytest-of-ted/pytest-102/test_aggregator_excludes_tampe0'), 'directory': PosixPath('/tmp/pyte...ask-2","unmetered_attempts":0,"weight":"regular","weight_correct":true,"width_id":"narrow","width_px":220}', ...}, ...}
monkeypatch = <_pytest.monkeypatch.MonkeyPatch object at 0x7f3d18e99c10>

    def test_aggregator_excludes_tampered_sealed_run(campaign,monkeypatch):
        from baseline.reporting import aggregate_release_runs
        from baseline.releases import load_release,validate_release
>       f=finalizer();monkeypatch.setattr(f,'REPO_ROOT',campaign['root'])
          ^^^^^^^^^^^

tests/test_finalization.py:263: 
_ _ _ _ _ _ _ _ _ _ _ _ _ _ _ _ _ _ _ _ _ _ _ _ _ _ _ _ _ _ _ _ _ _ _ _ _ _ _ _ 

    def finalizer():
>       assert importlib.util.find_spec('baseline.finalize') is not None, 'Offline finalization tooling is missing'
E       AssertionError: Offline finalization tooling is missing
E       assert None is not None
E        +  where None = <function find_spec at 0x7f3d1ba2f100>('baseline.finalize')
E        +    where <function find_spec at 0x7f3d1ba2f100> = <module 'importlib.util' (frozen)>.find_spec
E        +      where <module 'importlib.util' (frozen)> = importlib.util

tests/test_finalization.py:20: AssertionError
---------------------------- Captured stdout setup -----------------------------
model-a / task-0: credits | estimated spend $0.0141
model-a / task-0: saved | estimated spend $0.0145
model-b / task-0: saved | estimated spend $0.0147
model-a / task-2: saved | estimated spend $0.0151
model-b / task-2: saved | estimated spend $0.0153
model-a / task-1: saved | estimated spend $0.0157
________ test_unknown_measurements_do_not_become_zero_or_partial_means _________

campaign = {'root': PosixPath('/tmp/pytest-of-ted/pytest-102/test_unknown_measurements_do_n0'), 'directory': PosixPath('/tmp/pyte...ask-2","unmetered_attempts":0,"weight":"regular","weight_correct":true,"width_id":"narrow","width_px":220}', ...}, ...}

    def test_unknown_measurements_do_not_become_zero_or_partial_means(campaign):
        rewrite_saved_response(campaign,lambda row: row.update(input_tokens=None,latency_sec=None))
>       report=finalizer().finalize_run(campaign['directory'],scope='common',root=campaign['root'])
               ^^^^^^^^^^^

tests/test_finalization.py:275: 
_ _ _ _ _ _ _ _ _ _ _ _ _ _ _ _ _ _ _ _ _ _ _ _ _ _ _ _ _ _ _ _ _ _ _ _ _ _ _ _ 

    def finalizer():
>       assert importlib.util.find_spec('baseline.finalize') is not None, 'Offline finalization tooling is missing'
E       AssertionError: Offline finalization tooling is missing
E       assert None is not None
E        +  where None = <function find_spec at 0x7f3d1ba2f100>('baseline.finalize')
E        +    where <function find_spec at 0x7f3d1ba2f100> = <module 'importlib.util' (frozen)>.find_spec
E        +      where <module 'importlib.util' (frozen)> = importlib.util

tests/test_finalization.py:20: AssertionError
---------------------------- Captured stdout setup -----------------------------
model-a / task-0: credits | estimated spend $0.0141
model-a / task-0: saved | estimated spend $0.0145
model-b / task-0: saved | estimated spend $0.0147
model-a / task-2: saved | estimated spend $0.0151
model-b / task-2: saved | estimated spend $0.0153
model-a / task-1: saved | estimated spend $0.0157
_________________ test_orphan_final_results_also_refuse_resume _________________

campaign = {'root': PosixPath('/tmp/pytest-of-ted/pytest-102/test_orphan_final_results_also0'), 'directory': PosixPath('/tmp/pyte...ask-2","unmetered_attempts":0,"weight":"regular","weight_correct":true,"width_id":"narrow","width_px":220}', ...}, ...}
monkeypatch = <_pytest.monkeypatch.MonkeyPatch object at 0x7f3d184e3010>

    def test_orphan_final_results_also_refuse_resume(campaign,monkeypatch):
        (campaign['directory']/'final_results.json').write_text('{}')
        monkeypatch.setattr(runner,'BaselineEvaluator',lambda **kwargs: pytest.fail('Provider client constructed for unsealed publication'))
        with pytest.raises(ValueError,match='finalized|seal'):
>           runner.run_benchmark(**campaign['args'])

tests/test_finalization.py:286: 
_ _ _ _ _ _ _ _ _ _ _ _ _ _ _ _ _ _ _ _ _ _ _ _ _ _ _ _ _ _ _ _ _ _ _ _ _ _ _ _ 
baseline/runner.py:155: in run_benchmark
    client = BaselineEvaluator(
_ _ _ _ _ _ _ _ _ _ _ _ _ _ _ _ _ _ _ _ _ _ _ _ _ _ _ _ _ _ _ _ _ _ _ _ _ _ _ _ 

kwargs = {'model_name': 'model-a', 'provider': 'google', 'mock': False, 'api_key_env': 'FIXTURE_API_KEY', ...}

>   monkeypatch.setattr(runner,'BaselineEvaluator',lambda **kwargs: pytest.fail('Provider client constructed for unsealed publication'))
                                                                    ^^^^^^^^^^^^^^^^^^^^^^^^^^^^^^^^^^^^^^^^^^^^^^^^^^^^^^^^^^^^^^^^^^^
E   Failed: Provider client constructed for unsealed publication

tests/test_finalization.py:284: Failed
---------------------------- Captured stdout setup -----------------------------
model-a / task-0: credits | estimated spend $0.0141
model-a / task-0: saved | estimated spend $0.0145
model-b / task-0: saved | estimated spend $0.0147
model-a / task-2: saved | estimated spend $0.0151
model-b / task-2: saved | estimated spend $0.0153
model-a / task-1: saved | estimated spend $0.0157
______________ test_uncommitted_source_artifacts_cannot_be_sealed ______________

campaign = {'root': PosixPath('/tmp/pytest-of-ted/pytest-102/test_uncommitted_source_artifa0'), 'directory': PosixPath('/tmp/pyte...ask-2","unmetered_attempts":0,"weight":"regular","weight_correct":true,"width_id":"narrow","width_px":220}', ...}, ...}

    def test_uncommitted_source_artifacts_cannot_be_sealed(campaign):
        path=campaign['directory']/'scorecard_model-a.json';path.write_bytes(path.read_bytes()+b' ')
        with pytest.raises(ValueError,match='committed'):
>           finalizer().finalize_run(campaign['directory'],scope='common',root=campaign['root'])
            ^^^^^^^^^^^

tests/test_finalization.py:292: 
_ _ _ _ _ _ _ _ _ _ _ _ _ _ _ _ _ _ _ _ _ _ _ _ _ _ _ _ _ _ _ _ _ _ _ _ _ _ _ _ 

    def finalizer():
>       assert importlib.util.find_spec('baseline.finalize') is not None, 'Offline finalization tooling is missing'
E       AssertionError: Offline finalization tooling is missing
E       assert None is not None
E        +  where None = <function find_spec at 0x7f3d1ba2f100>('baseline.finalize')
E        +    where <function find_spec at 0x7f3d1ba2f100> = <module 'importlib.util' (frozen)>.find_spec
E        +      where <module 'importlib.util' (frozen)> = importlib.util

tests/test_finalization.py:20: AssertionError
---------------------------- Captured stdout setup -----------------------------
model-a / task-0: credits | estimated spend $0.0141
model-a / task-0: saved | estimated spend $0.0145
model-b / task-0: saved | estimated spend $0.0147
model-a / task-2: saved | estimated spend $0.0151
model-b / task-2: saved | estimated spend $0.0153
model-a / task-1: saved | estimated spend $0.0157
_______ test_aggregation_verification_respects_explicit_repository_root ________

campaign = {'root': PosixPath('/tmp/pytest-of-ted/pytest-102/test_aggregation_verification_0'), 'directory': PosixPath('/tmp/pyte...ask-2","unmetered_attempts":0,"weight":"regular","weight_correct":true,"width_id":"narrow","width_px":220}', ...}, ...}

    def test_aggregation_verification_respects_explicit_repository_root(campaign):
        from baseline.reporting import aggregate_release_runs
        from baseline.releases import load_release,validate_release
>       finalizer().finalize_run(campaign['directory'],scope='common',root=campaign['root'])
        ^^^^^^^^^^^

tests/test_finalization.py:298: 
_ _ _ _ _ _ _ _ _ _ _ _ _ _ _ _ _ _ _ _ _ _ _ _ _ _ _ _ _ _ _ _ _ _ _ _ _ _ _ _ 

    def finalizer():
>       assert importlib.util.find_spec('baseline.finalize') is not None, 'Offline finalization tooling is missing'
E       AssertionError: Offline finalization tooling is missing
E       assert None is not None
E        +  where None = <function find_spec at 0x7f3d1ba2f100>('baseline.finalize')
E        +    where <function find_spec at 0x7f3d1ba2f100> = <module 'importlib.util' (frozen)>.find_spec
E        +      where <module 'importlib.util' (frozen)> = importlib.util

tests/test_finalization.py:20: AssertionError
---------------------------- Captured stdout setup -----------------------------
model-a / task-0: credits | estimated spend $0.0141
model-a / task-0: saved | estimated spend $0.0145
model-b / task-0: saved | estimated spend $0.0147
model-a / task-2: saved | estimated spend $0.0151
model-b / task-2: saved | estimated spend $0.0153
model-a / task-1: saved | estimated spend $0.0157
=========================== short test summary info ============================
FAILED tests/test_finalization.py::test_common_finalization_scores_all_responses_and_preserves_evidence
FAILED tests/test_finalization.py::test_finalization_is_idempotent_but_scope_cannot_change
FAILED tests/test_finalization.py::test_full_scope_refuses_missing_inputs - A...
FAILED tests/test_finalization.py::test_full_scope_accepts_complete_roster - ...
FAILED tests/test_finalization.py::test_active_runner_refuses_finalization - ...
FAILED tests/test_finalization.py::test_sealed_run_refuses_resume_before_clients_or_metadata_change
FAILED tests/test_finalization.py::test_tampered_sealed_artifact_is_refused[state.sqlite3]
FAILED tests/test_finalization.py::test_tampered_sealed_artifact_is_refused[attempts.jsonl]
FAILED tests/test_finalization.py::test_tampered_sealed_artifact_is_refused[run.json]
FAILED tests/test_finalization.py::test_tampered_sealed_artifact_is_refused[summary.json]
FAILED tests/test_finalization.py::test_tampered_sealed_artifact_is_refused[scorecard_model-a.json]
FAILED tests/test_finalization.py::test_tampered_sealed_artifact_is_refused[final_results.json]
FAILED tests/test_finalization.py::test_raw_prediction_and_grade_disagreement_is_refused
FAILED tests/test_finalization.py::test_semantic_forgery_is_rejected_even_with_updated_file_hash
FAILED tests/test_finalization.py::test_consistently_forged_grades_are_recomputed_from_raw_answer
FAILED tests/test_finalization.py::test_metered_response_cost_excludes_internal_retry_reserves
FAILED tests/test_finalization.py::test_invalid_model_answer_stays_final_and_zero_without_retry
FAILED tests/test_finalization.py::test_forged_source_commit_is_rejected_even_with_updated_hash
FAILED tests/test_finalization.py::test_explicit_roster_does_not_discard_other_original_responses
FAILED tests/test_finalization.py::test_invalid_roster_is_refused[roster0] - ...
FAILED tests/test_finalization.py::test_invalid_roster_is_refused[roster1] - ...
FAILED tests/test_finalization.py::test_invalid_roster_is_refused[roster2] - ...
FAILED tests/test_finalization.py::test_aggregator_excludes_tampered_sealed_run
FAILED tests/test_finalization.py::test_unknown_measurements_do_not_become_zero_or_partial_means
FAILED tests/test_finalization.py::test_orphan_final_results_also_refuse_resume
FAILED tests/test_finalization.py::test_uncommitted_source_artifacts_cannot_be_sealed
FAILED tests/test_finalization.py::test_aggregation_verification_respects_explicit_repository_root
27 failed in 3.26s
