$ .venv/bin/pytest -q tests/test_export_structured.py -k legacy_export_is or legacy_cli

FFF                                                                      [100%]
=================================== FAILURES ===================================
_________________ test_legacy_export_is_explicitly_unversioned _________________

tmp_path = PosixPath('/tmp/pytest-of-ted/pytest-81/test_legacy_export_is_explicit0')

    def test_legacy_export_is_explicitly_unversioned(tmp_path):
        write_scorecard(tmp_path, total_tasks=1)
        report = build_structured_benchmark(str(tmp_path))
>       assert report["version"] is None
E       AssertionError: assert '2.0.0' is None

tests/test_export_structured.py:237: AssertionError
___ test_legacy_cli_requires_explicit_paths_and_preserves_historical_output ____

tmp_path = PosixPath('/tmp/pytest-of-ted/pytest-81/test_legacy_cli_requires_expli0')

    def test_legacy_cli_requires_explicit_paths_and_preserves_historical_output(tmp_path):
        directory = tmp_path / "results"
        directory.mkdir()
        historical = directory / "fontbench_summary.json"
        historical.write_text("Historical results must stay intact.\n")
        result = subprocess.run([sys.executable, "-m", "baseline.export_structured"], cwd=tmp_path,
                                env={**os.environ, "PYTHONPATH": str(Path(__file__).resolve().parents[1])},
                                capture_output=True, text=True)
>       assert historical.read_text() == "Historical results must stay intact.\n"
E       assert '{\n  "benchm..._sec"\n  }\n}' == 'Historical r...tay intact.\n'
E         
E         - Historical results must stay intact.
E         + {
E         +   "benchmark_id": "fontbench",
E         +   "name": "FontBench",
E         +   "version": "2.0.0",
E         +   "description": "Measured visual typography identification across six attributes; comparisons require the same dataset, protocol, and completed inputs.",...
E         
E         ...Full output truncated (46 lines hidden), use '-vv' to show

tests/test_export_structured.py:250: AssertionError
_________________ test_legacy_cli_writes_only_requested_output _________________

tmp_path = PosixPath('/tmp/pytest-of-ted/pytest-81/test_legacy_cli_writes_only_re0')

    def test_legacy_cli_writes_only_requested_output(tmp_path):
        directory = tmp_path / "input"
        directory.mkdir()
        write_scorecard(directory, total_tasks=1)
        historical_dir = tmp_path / "results"
        historical_dir.mkdir()
        historical = historical_dir / "fontbench_summary.json"
        historical.write_text("Historical results must stay intact.\n")
        output = tmp_path / "explicit" / "summary.json"
        result = subprocess.run([sys.executable, "-m", "baseline.export_structured", "--results-dir", str(directory),
                                 "--output", str(output)], cwd=tmp_path,
                                env={**os.environ, "PYTHONPATH": str(Path(__file__).resolve().parents[1])},
                                capture_output=True, text=True)
        assert result.returncode == 0, result.stderr
>       assert output.exists()
E       AssertionError: assert False
E        +  where False = exists()
E        +    where exists = PosixPath('/tmp/pytest-of-ted/pytest-81/test_legacy_cli_writes_only_re0/explicit/summary.json').exists

tests/test_export_structured.py:269: AssertionError
=========================== short test summary info ============================
FAILED tests/test_export_structured.py::test_legacy_export_is_explicitly_unversioned
FAILED tests/test_export_structured.py::test_legacy_cli_requires_explicit_paths_and_preserves_historical_output
FAILED tests/test_export_structured.py::test_legacy_cli_writes_only_requested_output
3 failed, 53 deselected in 0.48s
